tasks.c:1816:20:prvTaskIsTaskSuspended	0	static
tasks.c:3821:13:prvResetNextTaskUnblockTime	0	static
tasks.c:5003:13:prvAddCurrentTaskToDelayedList	24	static
tasks.c:3315:8:prvIdleTask	8	static
tasks.c:785:13:xTaskCreate	40	static
tasks.c:1191:7:vTaskDelete	16	static
tasks.c:1418:13:eTaskGetState	16	static
tasks.c:1862:7:vTaskResume	16	static
tasks.c:1916:13:xTaskResumeFromISR	24	static
tasks.c:1986:6:vTaskStartScheduler	16	static
tasks.c:2112:6:vTaskEndScheduler	0	static
tasks.c:2123:6:vTaskSuspendAll	0	static
tasks.c:2306:12:xTaskGetTickCount	0	static
tasks.c:2321:12:xTaskGetTickCountFromISR	8	static
tasks.c:2352:13:uxTaskGetNumberOfTasks	0	static
tasks.c:2360:7:pcTaskGetName	0	static
tasks.c:2574:15:xTaskGetIdleTaskHandle	0	static
tasks.c:2680:12:xTaskIncrementTick	40	static
tasks.c:2196:12:xTaskResumeAll	32	static
tasks.c:1289:7:vTaskDelayUntil	8	static
tasks.c:1373:7:vTaskDelay	8	static
tasks.c:2854:7:vTaskSetApplicationTaskTag	16	static
tasks.c:2881:21:xTaskGetApplicationTaskTag	8	static
tasks.c:2912:13:xTaskCallApplicationTaskHook	0	static
tasks.c:2942:6:vTaskSwitchContext	8	static
tasks.c:1715:7:vTaskSuspend	16	static
tasks.c:3001:6:vTaskPlaceOnEventList	8	static
tasks.c:3018:6:vTaskPlaceOnUnorderedEventList	8	static
tasks.c:3044:7:vTaskPlaceOnEventListRestricted	16	static
tasks.c:3075:12:xTaskRemoveFromEventList	16	static
tasks.c:3143:6:vTaskRemoveFromUnorderedEventList	16	static
tasks.c:3177:6:vTaskSetTimeOutState	8	static
tasks.c:3189:6:vTaskInternalSetTimeOutState	0	static
tasks.c:3197:12:xTaskCheckForTimeOut	24	static
tasks.c:3260:6:vTaskMissedYield	0	static
tasks.c:3268:14:uxTaskGetTaskNumber	0	static
tasks.c:3291:7:vTaskSetTaskNumber	0	static
tasks.c:3590:7:vTaskGetInfo	16	static
tasks.c:3686:21:prvListTasksWithinSingleList	40	static
tasks.c:2500:14:uxTaskGetSystemState	32	static
tasks.c:3739:14:uxTaskGetStackHighWaterMark	0	static
tasks.c:3847:15:xTaskGetCurrentTaskHandle	0	static
tasks.c:3864:13:xTaskGetSchedulerState	0	static
tasks.c:3892:13:xTaskPriorityInherit	24	static
tasks.c:3979:13:xTaskPriorityDisinherit	24	static
tasks.c:4059:7:vTaskPriorityDisinheritAfterTimeout	24	static
tasks.c:4473:12:uxTaskResetEventItemValue	0	static
tasks.c:4489:8:pvTaskIncrementMutexHeldCount	0	static
tasks.c:4506:11:ulTaskNotifyTake	16	static
tasks.c:4574:13:xTaskNotifyWait	24	static
tasks.c:4654:13:xTaskGenericNotify	24	static
tasks.c:4760:13:xTaskGenericNotifyFromISR	32	static
tasks.c:4884:7:vTaskNotifyGiveFromISR	24	static
tasks.c:4973:13:xTaskNotifyStateClear	16	static
